<?xml version="1.0" encoding="utf-8"?><testsuites><testsuite name="pytest" errors="0" failures="0" skipped="0" tests="0" time="0.131" timestamp="2025-01-21T20:47:23.378554+00:00" hostname="86c60d52d90a" /></testsuites>